Analysis & Elaboration report for asip
Thu Jul 09 12:53:51 2020
Quartus Prime Version 18.0.0 Build 614 04/24/2018 SJ Lite Edition


---------------------
; Table of Contents ;
---------------------
  1. Legal Notice
  2. Analysis & Elaboration Summary
  3. Parallel Compilation
  4. Parameter Settings for User Entity Instance: if_stage:DUT
  5. Parameter Settings for User Entity Instance: if_stage:DUT|pc_ff:pc_ff_instance
  6. Parameter Settings for User Entity Instance: if_stage:DUT|pc_mux:pc_mux_instance
  7. Parameter Settings for User Entity Instance: if_stage:DUT|adder:adder_instance
  8. Parameter Settings for User Entity Instance: instruction_mem:imen
  9. Analysis & Elaboration Settings
 10. Port Connectivity Checks: "instruction_mem:imen"
 11. Port Connectivity Checks: "if_stage:DUT|adder:adder_instance"
 12. Analysis & Elaboration Messages



----------------
; Legal Notice ;
----------------
Copyright (C) 2018  Intel Corporation. All rights reserved.
Your use of Intel Corporation's design tools, logic functions 
and other software and tools, and its AMPP partner logic 
functions, and any output files from any of the foregoing 
(including device programming or simulation files), and any 
associated documentation or information are expressly subject 
to the terms and conditions of the Intel Program License 
Subscription Agreement, the Intel Quartus Prime License Agreement,
the Intel FPGA IP License Agreement, or other applicable license
agreement, including, without limitation, that your use is for
the sole purpose of programming logic devices manufactured by
Intel and sold by Intel or its authorized distributors.  Please
refer to the applicable agreement for further details.



+-----------------------------------------------------------------------------+
; Analysis & Elaboration Summary                                              ;
+-------------------------------+---------------------------------------------+
; Analysis & Elaboration Status ; Successful - Thu Jul 09 12:53:51 2020       ;
; Quartus Prime Version         ; 18.0.0 Build 614 04/24/2018 SJ Lite Edition ;
; Revision Name                 ; asip                                        ;
; Top-level Entity Name         ; instr_fetch_test                            ;
; Family                        ; Cyclone V                                   ;
; Logic utilization (in ALMs)   ; N/A until Partition Merge                   ;
; Total registers               ; N/A until Partition Merge                   ;
; Total pins                    ; N/A until Partition Merge                   ;
; Total virtual pins            ; N/A until Partition Merge                   ;
; Total block memory bits       ; N/A until Partition Merge                   ;
; Total PLLs                    ; N/A until Partition Merge                   ;
; Total DLLs                    ; N/A until Partition Merge                   ;
+-------------------------------+---------------------------------------------+


+------------------------------------------+
; Parallel Compilation                     ;
+----------------------------+-------------+
; Processors                 ; Number      ;
+----------------------------+-------------+
; Number detected on machine ; 8           ;
; Maximum allowed            ; 4           ;
;                            ;             ;
; Average used               ; 1.00        ;
; Maximum used               ; 1           ;
;                            ;             ;
; Usage by Processor         ; % Time Used ;
;     Processor 1            ; 100.0%      ;
+----------------------------+-------------+


+-----------------------------------------------------------+
; Parameter Settings for User Entity Instance: if_stage:DUT ;
+----------------+-------+----------------------------------+
; Parameter Name ; Value ; Type                             ;
+----------------+-------+----------------------------------+
; N              ; 32    ; Signed Integer                   ;
+----------------+-------+----------------------------------+
Note: In order to hide this table in the UI and the text report file, please set the "Show Parameter Settings in Synthesis Report" option in "Analysis and Synthesis Settings -> More Settings" to "Off".


+--------------------------------------------------------------------------------+
; Parameter Settings for User Entity Instance: if_stage:DUT|pc_ff:pc_ff_instance ;
+----------------+-------+-------------------------------------------------------+
; Parameter Name ; Value ; Type                                                  ;
+----------------+-------+-------------------------------------------------------+
; N              ; 32    ; Signed Integer                                        ;
+----------------+-------+-------------------------------------------------------+
Note: In order to hide this table in the UI and the text report file, please set the "Show Parameter Settings in Synthesis Report" option in "Analysis and Synthesis Settings -> More Settings" to "Off".


+----------------------------------------------------------------------------------+
; Parameter Settings for User Entity Instance: if_stage:DUT|pc_mux:pc_mux_instance ;
+----------------+-------+---------------------------------------------------------+
; Parameter Name ; Value ; Type                                                    ;
+----------------+-------+---------------------------------------------------------+
; N              ; 32    ; Signed Integer                                          ;
+----------------+-------+---------------------------------------------------------+
Note: In order to hide this table in the UI and the text report file, please set the "Show Parameter Settings in Synthesis Report" option in "Analysis and Synthesis Settings -> More Settings" to "Off".


+--------------------------------------------------------------------------------+
; Parameter Settings for User Entity Instance: if_stage:DUT|adder:adder_instance ;
+----------------+-------+-------------------------------------------------------+
; Parameter Name ; Value ; Type                                                  ;
+----------------+-------+-------------------------------------------------------+
; N              ; 32    ; Signed Integer                                        ;
+----------------+-------+-------------------------------------------------------+
Note: In order to hide this table in the UI and the text report file, please set the "Show Parameter Settings in Synthesis Report" option in "Analysis and Synthesis Settings -> More Settings" to "Off".


+-------------------------------------------------------------------+
; Parameter Settings for User Entity Instance: instruction_mem:imen ;
+----------------+-------+------------------------------------------+
; Parameter Name ; Value ; Type                                     ;
+----------------+-------+------------------------------------------+
; N              ; 32    ; Signed Integer                           ;
+----------------+-------+------------------------------------------+
Note: In order to hide this table in the UI and the text report file, please set the "Show Parameter Settings in Synthesis Report" option in "Analysis and Synthesis Settings -> More Settings" to "Off".


+---------------------------------------------------------------------------------------------------------------------------+
; Analysis & Elaboration Settings                                                                                           ;
+---------------------------------------------------------------------------------+--------------------+--------------------+
; Option                                                                          ; Setting            ; Default Value      ;
+---------------------------------------------------------------------------------+--------------------+--------------------+
; Device                                                                          ; 5CSEMA5F31C6       ;                    ;
; Top-level entity name                                                           ; instr_fetch_test   ; asip               ;
; Family name                                                                     ; Cyclone V          ; Cyclone V          ;
; Use smart compilation                                                           ; Off                ; Off                ;
; Enable parallel Assembler and Timing Analyzer during compilation                ; On                 ; On                 ;
; Enable compact report table                                                     ; Off                ; Off                ;
; Restructure Multiplexers                                                        ; Auto               ; Auto               ;
; MLAB Add Timing Constraints For Mixed-Port Feed-Through Mode Setting Don't Care ; Off                ; Off                ;
; Create Debugging Nodes for IP Cores                                             ; Off                ; Off                ;
; Preserve fewer node names                                                       ; On                 ; On                 ;
; Intel FPGA IP Evaluation Mode                                                   ; Enable             ; Enable             ;
; Verilog Version                                                                 ; Verilog_2001       ; Verilog_2001       ;
; VHDL Version                                                                    ; VHDL_1993          ; VHDL_1993          ;
; State Machine Processing                                                        ; Auto               ; Auto               ;
; Safe State Machine                                                              ; Off                ; Off                ;
; Extract Verilog State Machines                                                  ; On                 ; On                 ;
; Extract VHDL State Machines                                                     ; On                 ; On                 ;
; Ignore Verilog initial constructs                                               ; Off                ; Off                ;
; Iteration limit for constant Verilog loops                                      ; 5000               ; 5000               ;
; Iteration limit for non-constant Verilog loops                                  ; 250                ; 250                ;
; Add Pass-Through Logic to Inferred RAMs                                         ; On                 ; On                 ;
; Infer RAMs from Raw Logic                                                       ; On                 ; On                 ;
; Parallel Synthesis                                                              ; On                 ; On                 ;
; DSP Block Balancing                                                             ; Auto               ; Auto               ;
; NOT Gate Push-Back                                                              ; On                 ; On                 ;
; Power-Up Don't Care                                                             ; On                 ; On                 ;
; Remove Redundant Logic Cells                                                    ; Off                ; Off                ;
; Remove Duplicate Registers                                                      ; On                 ; On                 ;
; Ignore CARRY Buffers                                                            ; Off                ; Off                ;
; Ignore CASCADE Buffers                                                          ; Off                ; Off                ;
; Ignore GLOBAL Buffers                                                           ; Off                ; Off                ;
; Ignore ROW GLOBAL Buffers                                                       ; Off                ; Off                ;
; Ignore LCELL Buffers                                                            ; Off                ; Off                ;
; Ignore SOFT Buffers                                                             ; On                 ; On                 ;
; Limit AHDL Integers to 32 Bits                                                  ; Off                ; Off                ;
; Optimization Technique                                                          ; Balanced           ; Balanced           ;
; Carry Chain Length                                                              ; 70                 ; 70                 ;
; Auto Carry Chains                                                               ; On                 ; On                 ;
; Auto Open-Drain Pins                                                            ; On                 ; On                 ;
; Perform WYSIWYG Primitive Resynthesis                                           ; Off                ; Off                ;
; Auto ROM Replacement                                                            ; On                 ; On                 ;
; Auto RAM Replacement                                                            ; On                 ; On                 ;
; Auto DSP Block Replacement                                                      ; On                 ; On                 ;
; Auto Shift Register Replacement                                                 ; Auto               ; Auto               ;
; Allow Shift Register Merging across Hierarchies                                 ; Auto               ; Auto               ;
; Auto Clock Enable Replacement                                                   ; On                 ; On                 ;
; Strict RAM Replacement                                                          ; Off                ; Off                ;
; Allow Synchronous Control Signals                                               ; On                 ; On                 ;
; Force Use of Synchronous Clear Signals                                          ; Off                ; Off                ;
; Auto Resource Sharing                                                           ; Off                ; Off                ;
; Allow Any RAM Size For Recognition                                              ; Off                ; Off                ;
; Allow Any ROM Size For Recognition                                              ; Off                ; Off                ;
; Allow Any Shift Register Size For Recognition                                   ; Off                ; Off                ;
; Use LogicLock Constraints during Resource Balancing                             ; On                 ; On                 ;
; Ignore translate_off and synthesis_off directives                               ; Off                ; Off                ;
; Timing-Driven Synthesis                                                         ; On                 ; On                 ;
; Report Parameter Settings                                                       ; On                 ; On                 ;
; Report Source Assignments                                                       ; On                 ; On                 ;
; Report Connectivity Checks                                                      ; On                 ; On                 ;
; Ignore Maximum Fan-Out Assignments                                              ; Off                ; Off                ;
; Synchronization Register Chain Length                                           ; 3                  ; 3                  ;
; Power Optimization During Synthesis                                             ; Normal compilation ; Normal compilation ;
; HDL message level                                                               ; Level2             ; Level2             ;
; Suppress Register Optimization Related Messages                                 ; Off                ; Off                ;
; Number of Removed Registers Reported in Synthesis Report                        ; 5000               ; 5000               ;
; Number of Swept Nodes Reported in Synthesis Report                              ; 5000               ; 5000               ;
; Number of Inverted Registers Reported in Synthesis Report                       ; 100                ; 100                ;
; Clock MUX Protection                                                            ; On                 ; On                 ;
; Auto Gated Clock Conversion                                                     ; Off                ; Off                ;
; Block Design Naming                                                             ; Auto               ; Auto               ;
; SDC constraint protection                                                       ; Off                ; Off                ;
; Synthesis Effort                                                                ; Auto               ; Auto               ;
; Shift Register Replacement - Allow Asynchronous Clear Signal                    ; On                 ; On                 ;
; Pre-Mapping Resynthesis Optimization                                            ; Off                ; Off                ;
; Analysis & Synthesis Message Level                                              ; Medium             ; Medium             ;
; Disable Register Merging Across Hierarchies                                     ; Auto               ; Auto               ;
; Resource Aware Inference For Block RAM                                          ; On                 ; On                 ;
; Automatic Parallel Synthesis                                                    ; On                 ; On                 ;
; Partial Reconfiguration Bitstream ID                                            ; Off                ; Off                ;
+---------------------------------------------------------------------------------+--------------------+--------------------+


+----------------------------------------------------------------------------------------------------------------+
; Port Connectivity Checks: "instruction_mem:imen"                                                               ;
+------+--------+----------+-------------------------------------------------------------------------------------+
; Port ; Type   ; Severity ; Details                                                                             ;
+------+--------+----------+-------------------------------------------------------------------------------------+
; rd   ; Output ; Info     ; Connected to dangling logic. Logic that only feeds a dangling port will be removed. ;
+------+--------+----------+-------------------------------------------------------------------------------------+


+---------------------------------------------------------------+
; Port Connectivity Checks: "if_stage:DUT|adder:adder_instance" ;
+----------+-------+----------+---------------------------------+
; Port     ; Type  ; Severity ; Details                         ;
+----------+-------+----------+---------------------------------+
; b[31..3] ; Input ; Info     ; Stuck at GND                    ;
; b[1..0]  ; Input ; Info     ; Stuck at GND                    ;
; b[2]     ; Input ; Info     ; Stuck at VCC                    ;
+----------+-------+----------+---------------------------------+


+---------------------------------+
; Analysis & Elaboration Messages ;
+---------------------------------+
Info: *******************************************************************
Info: Running Quartus Prime Analysis & Elaboration
    Info: Version 18.0.0 Build 614 04/24/2018 SJ Lite Edition
    Info: Processing started: Thu Jul 09 12:53:40 2020
Info: Command: quartus_map --read_settings_files=on --write_settings_files=off asip -c asip --analysis_and_elaboration
Warning (18236): Number of processors has not been specified which may cause overloading on shared machines.  Set the global assignment NUM_PARALLEL_PROCESSORS in your QSF to an appropriate value for best performance.
Info (20030): Parallel compilation is enabled and will use 4 of the 4 processors detected
Info (12021): Found 1 design units, including 1 entities, in source file asip/processor/path/if-stage/instr_fetch_test.sv
    Info (12023): Found entity 1: instr_fetch_test File: C:/Users/erick/Documents/Git/ASIP-for-decryption-using-RSA/asip/asip/processor/path/if-stage/instr_fetch_test.sv Line: 1
Info (12021): Found 1 design units, including 1 entities, in source file asip/processor/path/if-stage/pc_ff.sv
    Info (12023): Found entity 1: pc_ff File: C:/Users/erick/Documents/Git/ASIP-for-decryption-using-RSA/asip/asip/processor/path/if-stage/pc_ff.sv Line: 15
Info (12021): Found 1 design units, including 1 entities, in source file asip/processor/path/if-stage/if_stage_test.sv
    Info (12023): Found entity 1: if_stage_test File: C:/Users/erick/Documents/Git/ASIP-for-decryption-using-RSA/asip/asip/processor/path/if-stage/if_stage_test.sv Line: 1
Info (12021): Found 1 design units, including 1 entities, in source file asip/memories/instruction_mem.sv
    Info (12023): Found entity 1: instruction_mem File: C:/Users/erick/Documents/Git/ASIP-for-decryption-using-RSA/asip/asip/memories/instruction_mem.sv Line: 13
Info (12021): Found 1 design units, including 1 entities, in source file asip/processor/path/if-stage/adder.sv
    Info (12023): Found entity 1: adder File: C:/Users/erick/Documents/Git/ASIP-for-decryption-using-RSA/asip/asip/processor/path/if-stage/adder.sv Line: 15
Info (12021): Found 1 design units, including 1 entities, in source file asip/processor/path/if-stage/pc_mux.sv
    Info (12023): Found entity 1: pc_mux File: C:/Users/erick/Documents/Git/ASIP-for-decryption-using-RSA/asip/asip/processor/path/if-stage/pc_mux.sv Line: 16
Info (12021): Found 1 design units, including 1 entities, in source file asip/processor/path/ex-stage/alu/alu_test.sv
    Info (12023): Found entity 1: alu_test File: C:/Users/erick/Documents/Git/ASIP-for-decryption-using-RSA/asip/asip/processor/path/ex-stage/alu/alu_test.sv Line: 1
Info (12021): Found 1 design units, including 1 entities, in source file asip/processor/path/ex-stage/alu/alu.sv
    Info (12023): Found entity 1: alu File: C:/Users/erick/Documents/Git/ASIP-for-decryption-using-RSA/asip/asip/processor/path/ex-stage/alu/alu.sv Line: 18
Info (12021): Found 0 design units, including 0 entities, in source file asip/processor/processor.sv
Info (12021): Found 0 design units, including 0 entities, in source file asip/data-to-color-converter/data_to_color_converter.sv
Info (12021): Found 0 design units, including 0 entities, in source file asip/clock-divider/clock_divider.sv
Info (12021): Found 0 design units, including 0 entities, in source file asip/asip.sv
Info (12021): Found 0 design units, including 0 entities, in source file asip/processor/path/wb-stage/wb_stage.sv
Info (12021): Found 0 design units, including 0 entities, in source file asip/processor/path/mem-stage/mem_stage.sv
Info (12021): Found 1 design units, including 1 entities, in source file asip/processor/path/if-stage/if_stage.sv
    Info (12023): Found entity 1: if_stage File: C:/Users/erick/Documents/Git/ASIP-for-decryption-using-RSA/asip/asip/processor/path/if-stage/if_stage.sv Line: 17
Info (12021): Found 0 design units, including 0 entities, in source file asip/processor/path/id-stage/id_stage.sv
Info (12021): Found 0 design units, including 0 entities, in source file asip/processor/path/ex-stage/ex_stage.sv
Info (12021): Found 0 design units, including 0 entities, in source file asip/processor/path/path.sv
Info (12021): Found 0 design units, including 0 entities, in source file asip/processor/hazard_unit/hazard_unit.sv
Info (12021): Found 0 design units, including 0 entities, in source file asip/processor/control_unit/control_unit.sv
Info (12021): Found 0 design units, including 0 entities, in source file asip/vga-controller/vga_controller.sv
Info (12127): Elaborating entity "instr_fetch_test" for the top level hierarchy
Info (10648): Verilog HDL Display System Task info at instr_fetch_test.sv(13): clk=0, reset=0, jmp_pc=0000005c, pc_selector=0, pc=00000000, instr=00000000\n File: C:/Users/erick/Documents/Git/ASIP-for-decryption-using-RSA/asip/asip/processor/path/if-stage/instr_fetch_test.sv Line: 13
Info (10648): Verilog HDL Display System Task info at instr_fetch_test.sv(16): clk=1, reset=0, jmp_pc=0000005c, pc_selector=0, pc=00000000, instr=00000000\n\n File: C:/Users/erick/Documents/Git/ASIP-for-decryption-using-RSA/asip/asip/processor/path/if-stage/instr_fetch_test.sv Line: 16
Info (10648): Verilog HDL Display System Task info at instr_fetch_test.sv(19): clk=0, reset=0, jmp_pc=0000005c, pc_selector=0, pc=00000000, instr=00000000\n File: C:/Users/erick/Documents/Git/ASIP-for-decryption-using-RSA/asip/asip/processor/path/if-stage/instr_fetch_test.sv Line: 19
Info (10648): Verilog HDL Display System Task info at instr_fetch_test.sv(22): clk=1, reset=0, jmp_pc=0000005c, pc_selector=0, pc=00000000, instr=00000000\n\n File: C:/Users/erick/Documents/Git/ASIP-for-decryption-using-RSA/asip/asip/processor/path/if-stage/instr_fetch_test.sv Line: 22
Info (10648): Verilog HDL Display System Task info at instr_fetch_test.sv(25): clk=0, reset=0, jmp_pc=0000005c, pc_selector=0, pc=00000000, instr=00000000\n File: C:/Users/erick/Documents/Git/ASIP-for-decryption-using-RSA/asip/asip/processor/path/if-stage/instr_fetch_test.sv Line: 25
Info (10648): Verilog HDL Display System Task info at instr_fetch_test.sv(28): clk=1, reset=0, jmp_pc=0000005c, pc_selector=0, pc=00000000, instr=00000000\n\n File: C:/Users/erick/Documents/Git/ASIP-for-decryption-using-RSA/asip/asip/processor/path/if-stage/instr_fetch_test.sv Line: 28
Info (10648): Verilog HDL Display System Task info at instr_fetch_test.sv(31): clk=0, reset=0, jmp_pc=0000005c, pc_selector=0, pc=00000000, instr=00000000\n File: C:/Users/erick/Documents/Git/ASIP-for-decryption-using-RSA/asip/asip/processor/path/if-stage/instr_fetch_test.sv Line: 31
Info (10648): Verilog HDL Display System Task info at instr_fetch_test.sv(34): clk=1, reset=0, jmp_pc=0000005c, pc_selector=0, pc=00000000, instr=00000000\n\n File: C:/Users/erick/Documents/Git/ASIP-for-decryption-using-RSA/asip/asip/processor/path/if-stage/instr_fetch_test.sv Line: 34
Info (10648): Verilog HDL Display System Task info at instr_fetch_test.sv(37): clk=0, reset=0, jmp_pc=0000005c, pc_selector=0, pc=00000000, instr=00000000\n File: C:/Users/erick/Documents/Git/ASIP-for-decryption-using-RSA/asip/asip/processor/path/if-stage/instr_fetch_test.sv Line: 37
Info (10648): Verilog HDL Display System Task info at instr_fetch_test.sv(40): clk=1, reset=0, jmp_pc=0000005c, pc_selector=0, pc=00000000, instr=00000000\n\n File: C:/Users/erick/Documents/Git/ASIP-for-decryption-using-RSA/asip/asip/processor/path/if-stage/instr_fetch_test.sv Line: 40
Info (10648): Verilog HDL Display System Task info at instr_fetch_test.sv(44): clk=0, reset=0, jmp_pc=0000005c, pc_selector=1, pc=00000000, instr=00000000\n File: C:/Users/erick/Documents/Git/ASIP-for-decryption-using-RSA/asip/asip/processor/path/if-stage/instr_fetch_test.sv Line: 44
Info (10648): Verilog HDL Display System Task info at instr_fetch_test.sv(47): clk=1, reset=0, jmp_pc=0000005c, pc_selector=1, pc=00000000, instr=00000000\n\n File: C:/Users/erick/Documents/Git/ASIP-for-decryption-using-RSA/asip/asip/processor/path/if-stage/instr_fetch_test.sv Line: 47
Info (10648): Verilog HDL Display System Task info at instr_fetch_test.sv(50): clk=0, reset=0, jmp_pc=0000005c, pc_selector=0, pc=00000000, instr=00000000\n File: C:/Users/erick/Documents/Git/ASIP-for-decryption-using-RSA/asip/asip/processor/path/if-stage/instr_fetch_test.sv Line: 50
Info (10648): Verilog HDL Display System Task info at instr_fetch_test.sv(53): clk=1, reset=0, jmp_pc=0000005c, pc_selector=0, pc=00000000, instr=00000000\n\n File: C:/Users/erick/Documents/Git/ASIP-for-decryption-using-RSA/asip/asip/processor/path/if-stage/instr_fetch_test.sv Line: 53
Info (10648): Verilog HDL Display System Task info at instr_fetch_test.sv(56): clk=0, reset=0, jmp_pc=0000005c, pc_selector=0, pc=00000000, instr=00000000\n File: C:/Users/erick/Documents/Git/ASIP-for-decryption-using-RSA/asip/asip/processor/path/if-stage/instr_fetch_test.sv Line: 56
Info (10648): Verilog HDL Display System Task info at instr_fetch_test.sv(59): clk=1, reset=0, jmp_pc=0000005c, pc_selector=0, pc=00000000, instr=00000000\n\n File: C:/Users/erick/Documents/Git/ASIP-for-decryption-using-RSA/asip/asip/processor/path/if-stage/instr_fetch_test.sv Line: 59
Info (10648): Verilog HDL Display System Task info at instr_fetch_test.sv(62): clk=0, reset=0, jmp_pc=0000005c, pc_selector=0, pc=00000000, instr=00000000\n File: C:/Users/erick/Documents/Git/ASIP-for-decryption-using-RSA/asip/asip/processor/path/if-stage/instr_fetch_test.sv Line: 62
Info (10648): Verilog HDL Display System Task info at instr_fetch_test.sv(65): clk=1, reset=0, jmp_pc=0000005c, pc_selector=0, pc=00000000, instr=00000000\n\n File: C:/Users/erick/Documents/Git/ASIP-for-decryption-using-RSA/asip/asip/processor/path/if-stage/instr_fetch_test.sv Line: 65
Info (10648): Verilog HDL Display System Task info at instr_fetch_test.sv(69): clk=0, reset=0, jmp_pc=0000005c, pc_selector=1, pc=00000000, instr=00000000\n File: C:/Users/erick/Documents/Git/ASIP-for-decryption-using-RSA/asip/asip/processor/path/if-stage/instr_fetch_test.sv Line: 69
Info (10648): Verilog HDL Display System Task info at instr_fetch_test.sv(72): clk=1, reset=0, jmp_pc=0000005c, pc_selector=1, pc=00000000, instr=00000000\n\n File: C:/Users/erick/Documents/Git/ASIP-for-decryption-using-RSA/asip/asip/processor/path/if-stage/instr_fetch_test.sv Line: 72
Info (10648): Verilog HDL Display System Task info at instr_fetch_test.sv(75): clk=0, reset=0, jmp_pc=0000005c, pc_selector=0, pc=00000000, instr=00000000\n File: C:/Users/erick/Documents/Git/ASIP-for-decryption-using-RSA/asip/asip/processor/path/if-stage/instr_fetch_test.sv Line: 75
Info (10648): Verilog HDL Display System Task info at instr_fetch_test.sv(78): clk=1, reset=0, jmp_pc=0000005c, pc_selector=0, pc=00000000, instr=00000000\n\n File: C:/Users/erick/Documents/Git/ASIP-for-decryption-using-RSA/asip/asip/processor/path/if-stage/instr_fetch_test.sv Line: 78
Info (10648): Verilog HDL Display System Task info at instr_fetch_test.sv(81): clk=0, reset=0, jmp_pc=0000005c, pc_selector=0, pc=00000000, instr=00000000\n File: C:/Users/erick/Documents/Git/ASIP-for-decryption-using-RSA/asip/asip/processor/path/if-stage/instr_fetch_test.sv Line: 81
Info (10648): Verilog HDL Display System Task info at instr_fetch_test.sv(84): clk=1, reset=0, jmp_pc=0000005c, pc_selector=0, pc=00000000, instr=00000000\n\n File: C:/Users/erick/Documents/Git/ASIP-for-decryption-using-RSA/asip/asip/processor/path/if-stage/instr_fetch_test.sv Line: 84
Info (10648): Verilog HDL Display System Task info at instr_fetch_test.sv(87): clk=0, reset=0, jmp_pc=0000005c, pc_selector=0, pc=00000000, instr=00000000\n File: C:/Users/erick/Documents/Git/ASIP-for-decryption-using-RSA/asip/asip/processor/path/if-stage/instr_fetch_test.sv Line: 87
Info (10648): Verilog HDL Display System Task info at instr_fetch_test.sv(90): clk=1, reset=0, jmp_pc=0000005c, pc_selector=0, pc=00000000, instr=00000000\n\n File: C:/Users/erick/Documents/Git/ASIP-for-decryption-using-RSA/asip/asip/processor/path/if-stage/instr_fetch_test.sv Line: 90
Info (12128): Elaborating entity "if_stage" for hierarchy "if_stage:DUT" File: C:/Users/erick/Documents/Git/ASIP-for-decryption-using-RSA/asip/asip/processor/path/if-stage/instr_fetch_test.sv Line: 5
Info (12128): Elaborating entity "pc_ff" for hierarchy "if_stage:DUT|pc_ff:pc_ff_instance" File: C:/Users/erick/Documents/Git/ASIP-for-decryption-using-RSA/asip/asip/processor/path/if-stage/if_stage.sv Line: 29
Info (12128): Elaborating entity "pc_mux" for hierarchy "if_stage:DUT|pc_mux:pc_mux_instance" File: C:/Users/erick/Documents/Git/ASIP-for-decryption-using-RSA/asip/asip/processor/path/if-stage/if_stage.sv Line: 30
Info (12128): Elaborating entity "adder" for hierarchy "if_stage:DUT|adder:adder_instance" File: C:/Users/erick/Documents/Git/ASIP-for-decryption-using-RSA/asip/asip/processor/path/if-stage/if_stage.sv Line: 31
Info (12128): Elaborating entity "instruction_mem" for hierarchy "instruction_mem:imen" File: C:/Users/erick/Documents/Git/ASIP-for-decryption-using-RSA/asip/asip/processor/path/if-stage/instr_fetch_test.sv Line: 6
Warning (10030): Net "rom.data_a" at instruction_mem.sv(17) has no driver or initial value, using a default initial value '0' File: C:/Users/erick/Documents/Git/ASIP-for-decryption-using-RSA/asip/asip/memories/instruction_mem.sv Line: 17
Warning (10030): Net "rom.waddr_a" at instruction_mem.sv(17) has no driver or initial value, using a default initial value '0' File: C:/Users/erick/Documents/Git/ASIP-for-decryption-using-RSA/asip/asip/memories/instruction_mem.sv Line: 17
Warning (10030): Net "rom.we_a" at instruction_mem.sv(17) has no driver or initial value, using a default initial value '0' File: C:/Users/erick/Documents/Git/ASIP-for-decryption-using-RSA/asip/asip/memories/instruction_mem.sv Line: 17
Info: Quartus Prime Analysis & Elaboration was successful. 0 errors, 4 warnings
    Info: Peak virtual memory: 4774 megabytes
    Info: Processing ended: Thu Jul 09 12:53:51 2020
    Info: Elapsed time: 00:00:11
    Info: Total CPU time (on all processors): 00:00:25


